Sun Mar 15 17:02:32 CST 2026
Sun Mar 15 17:03:31 CST 2026
